---
source: crates/torrentctl/src/screens/dashboard.rs
expression: screen
---
╭ total ──────────────╮╭ seeding ────────────╮╭ checking ───────────╮╭ paused ────────────╮╭ disk err ───────────╮╭ errored ────────────╮╭ peers ──────────────╮
│                     ││                     ││                     ││                    ││                     ││                     ││                     │
│        1,234        ││        1,180        ││         30          ││         20         ││          1          ││          3          ││         812         │
│                     ││                     ││                     ││                    ││                     ││                     ││                     │
╰─────────────────────╯╰─────────────────────╯╰─────────────────────╯╰────────────────────╯╰─────────────────────╯╰─────────────────────╯╰─────────────────────╯
╭ upload 50.0 MiB/s ───────────────────────────────────────────────────────────╮╭ download — ──────────────────────────────────────────────────────────────────╮
│  █                                                                           ││                                                                              │
│  █                                                                           ││                                                                              │
│ ▃█                                                                           ││                                                                              │
│ ██                                                                           ││                                                                              │
│ ██                                                                           ││                                                                              │
│ ██                                                                           ││                                                                              │
╰──────────────────────────────────────────────────────────────────────────────╯╰──────────────────────────────────────────────────────────────────────────────╯
╭ profiles ──────────────────────────────────────────────────────────────────────────────────────────────────────╮╭ server ────────────────────────────────────╮
│profile          status       torrents  tunnel                                                                  ││        daemon  torrentd 0.1.0              │
│acct_a           ● active     900       10.2.0.2         forwarded :51413                                       ││           api  v1                          │
│acct_b           ✖ vpn_down   334       10.3.0.2         fenced: bring online in Profiles (r)                   ││          auth  password                    │
│acct_c           ✖ failed     0         —                never came up: wg-c did not come up within 30s         ││   session ttl  12h 0m                      │
│                                                                                                                ││          pool  configured, read-only       │
│                                                                                                                ││  resume saves  2                           │
│                                                                                                                ││ live profiles  2                           │
│                                                                                                                ││                                            │
│                                                                                                                ││                                            │
│                                                                                                                ││                                            │
│                                                                                                                ││                                            │
│                                                                                                                ││                                            │
│                                                                                                                ││                                            │
│                                                                                                                ││                                            │
│                                                                                                                ││                                            │
│                                                                                                                ││                                            │
│                                                                                                                ││                                            │
│                                                                                                                ││                                            │
│                                                                                                                ││                                            │
│                                                                                                                ││                                            │
│                                                                                                                ││                                            │
│                                                                                                                ││                                            │
│                                                                                                                ││                                            │
│                                                                                                                ││                                            │
│                                                                                                                ││                                            │
│                                                                                                                ││                                            │
│                                                                                                                ││                                            │
│                                                                                                                ││                                            │
│                                                                                                                ││                                            │
│                                                                                                                ││                                            │
│                                                                                                                ││                                            │
│                                                                                                                ││                                            │
│                                                                                                                ││                                            │
╰────────────────────────────────────────────────────────────────────────────────────────────────────────────────╯╰────────────────────────────────────────────╯
