---
source: crates/torrentctl/src/screens/pool/tests.rs
expression: screen
---
 Overview   Tree   Library  [Plans]                                                                                               [ ] views  ● mutations allowed
╭ plan #8 ─────────────────────────────────────────────────────────────────────────────────────────────────────────────────────────────────────────────────────╮
│         plan  #8  delete_orphans  ‖ draft  3 steps                                                                                                           │
│      created  2026-09-27 10:00 UTC   applied —                                                                                                               │
│confirm token  7f3a-9c21  deletes data: applying asks for this, typed back                                                                                    │
╰──────────────────────────────────────────────────────────────────────────────────────────────────────────────────────────────────────────────────────────────╯
╭ steps ───────────────────────────────────────────────────────────────────────────────────────────────────────────────────────────────────────────────────────╮
│  seq   op            status         path                                                                                                                     │
│›     1 delete_file   ● done         stray/old.mkv                                                                                                            │
│      2 delete_file   ✖ failed       stray/sample.mkv                                                                                                         │
│                                     ✖ permission denied                                                                                                      │
│      3 delete_file   ‖ pending      stray/extras/cover.jpg                                                                                                   │
│                                                                                                                                                              │
│                                                                                                                                                              │
│                                                                                                                                                              │
│                                                                                                                                                              │
│                                                                                                                                                              │
│                                                                                                                                                              │
│                                                                                                                                                              │
│                                               ╭ Apply plan #8 ───────────────────────────────────────────────╮                                               │
│                                               │This moves 2 files to the pool's trash; they can be restored  │                                               │
│                                               │from .torrentd-trash/8-1790503200. The daemon waits until     │                                               │
│                                               │every step has run.                                           │                                               │
│                                               │                                                              │                                               │
│                                               │Type 7f3a-9c21 to confirm:                                    │                                               │
│                                               │› 7f3a                                                        │                                               │
│                                               │Enter confirm  Esc cancel                                     │                                               │
│                                               │                                                              │                                               │
│                                               ╰──────────────────────────────────────────────────────────────╯                                               │
│                                                                                                                                                              │
│                                                                                                                                                              │
│                                                                                                                                                              │
│                                                                                                                                                              │
│                                                                                                                                                              │
│                                                                                                                                                              │
│                                                                                                                                                              │
│                                                                                                                                                              │
│                                                                                                                                                              │
│                                                                                                                                                              │
│                                                                                                                                                              │
│                                                                                                                                                              │
│                                                                                                                                                              │
│                                                                                                                                                              │
│                                                                                                                                                              │
│                                                                                                                                                              │
│                                                                                                                                                              │
│                                                                                                                                                              │
╰ Esc back  c create  x apply  X discard ──────────────────────────────────────────────────────────────────────────────────────────────────────────────────────╯
